[05:31:05] Stage C: 15 candidates x (static + cam12 w3 + cam12 w4)
[05:31:46]   C_M_0784_static              fps= 110.75 ratio=53.78 rmse=131.50 psnr12=29.87  (40s)
[05:32:13]   !! C_M_0784_cam12_w3: no csv emitted (rc=0)
[05:32:41]   !! C_M_0784_cam12_w4: no csv emitted (rc=0)
[05:33:21]   C_M_0794_static              fps=  95.88 ratio=22.87 rmse=53.90 psnr12=37.61  (40s)
[05:33:49]   !! C_M_0794_cam12_w3: no csv emitted (rc=0)
[05:34:17]   !! C_M_0794_cam12_w4: no csv emitted (rc=0)
[05:34:58]   C_M_0719_static              fps=  82.75 ratio=13.88 rmse=46.70 psnr12=38.86  (41s)
[05:35:25]   !! C_M_0719_cam12_w3: no csv emitted (rc=0)
[05:35:53]   !! C_M_0719_cam12_w4: no csv emitted (rc=0)
[05:36:34]   C_M_0775_static              fps=  74.88 ratio=10.47 rmse=42.80 psnr12=39.62  (41s)
[05:37:02]   !! C_M_0775_cam12_w3: no csv emitted (rc=0)
[05:37:30]   !! C_M_0775_cam12_w4: no csv emitted (rc=0)
[05:38:10]   C_M_0766_static              fps=  68.62 ratio=8.770 rmse=35.10 psnr12=41.34  (41s)
[05:38:38]   !! C_M_0766_cam12_w3: no csv emitted (rc=0)
[05:39:06]   !! C_M_0766_cam12_w4: no csv emitted (rc=0)
[05:39:46]   C_M_0535_static              fps=  60.62 ratio=7.238 rmse=28.00 psnr12=43.30  (41s)
[05:40:14]   !! C_M_0535_cam12_w3: no csv emitted (rc=0)
[05:40:42]   !! C_M_0535_cam12_w4: no csv emitted (rc=0)
[05:41:23]   C_M_0504_static              fps=  57.50 ratio=6.149 rmse=21.80 psnr12=45.48  (41s)
[05:41:50]   !! C_M_0504_cam12_w3: no csv emitted (rc=0)
[05:42:17]   !! C_M_0504_cam12_w4: no csv emitted (rc=0)
[05:42:58]   C_M_0522_static              fps=  54.62 ratio=5.358 rmse=16.30 psnr12=48.00  (41s)
[05:43:26]   !! C_M_0522_cam12_w3: no csv emitted (rc=0)
[05:43:53]   !! C_M_0522_cam12_w4: no csv emitted (rc=0)
[05:44:34]   C_M_0302_static              fps=  53.25 ratio=4.735 rmse=13.20 psnr12=49.83  (41s)
[05:45:02]   !! C_M_0302_cam12_w3: no csv emitted (rc=0)
[05:45:29]   !! C_M_0302_cam12_w4: no csv emitted (rc=0)
[05:46:10]   C_M_0211_static              fps=  52.38 ratio=4.259 rmse=10.40 psnr12=51.90  (41s)
[05:46:38]   !! C_M_0211_cam12_w3: no csv emitted (rc=0)
[05:47:05]   !! C_M_0211_cam12_w4: no csv emitted (rc=0)
[05:47:46]   C_M_0210_static              fps=  51.62 ratio=3.890 rmse=8.60 psnr12=53.56  (41s)
[05:48:14]   !! C_M_0210_cam12_w3: no csv emitted (rc=0)
[05:48:41]   !! C_M_0210_cam12_w4: no csv emitted (rc=0)
[05:49:22]   C_M_0000_static              fps=  51.00 ratio=3.548 rmse=7.90 psnr12=54.29  (41s)
[05:49:50]   !! C_M_0000_cam12_w3: no csv emitted (rc=0)
[05:50:17]   !! C_M_0000_cam12_w4: no csv emitted (rc=0)
[05:50:58]   C_M_0416_static              fps=  62.50 ratio=7.389 rmse=32.60 psnr12=41.98  (41s)
[05:51:25]   !! C_M_0416_cam12_w3: no csv emitted (rc=0)
[05:51:53]   !! C_M_0416_cam12_w4: no csv emitted (rc=0)
[05:52:34]   C_M_0517_static              fps=  67.38 ratio=8.762 rmse=38.20 psnr12=40.60  (41s)
[05:53:01]   !! C_M_0517_cam12_w3: no csv emitted (rc=0)
[05:53:29]   !! C_M_0517_cam12_w4: no csv emitted (rc=0)
[05:54:10]   C_M_0618_static              fps=  74.00 ratio=10.90 rmse=43.20 psnr12=39.54  (41s)
[05:54:37]   !! C_M_0618_cam12_w3: no csv emitted (rc=0)
[05:55:05]   !! C_M_0618_cam12_w4: no csv emitted (rc=0)
[05:55:05] Stage C complete: 45 new cells
